{
  "version": "1.5.0",
  "plugins_used": [
    {
      "name": "ArtifactoryDetector"
    },
    {
      "name": "AWSKeyDetector"
    },
    {
      "name": "AzureStorageKeyDetector"
    },
    {
      "name": "Base64HighEntropyString",
      "limit": 4.5
    },
    {
      "name": "BasicAuthDetector"
    },
    {
      "name": "CloudantDetector"
    },
    {
      "name": "DiscordBotTokenDetector"
    },
    {
      "name": "GitHubTokenDetector"
    },
    {
      "name": "GitLabTokenDetector"
    },
    {
      "name": "HexHighEntropyString",
      "limit": 3.0
    },
    {
      "name": "IbmCloudIamDetector"
    },
    {
      "name": "IbmCosHmacDetector"
    },
    {
      "name": "IPPublicDetector"
    },
    {
      "name": "JwtTokenDetector"
    },
    {
      "name": "KeywordDetector",
      "keyword_exclude": ""
    },
    {
      "name": "MailchimpDetector"
    },
    {
      "name": "NpmDetector"
    },
    {
      "name": "OpenAIDetector"
    },
    {
      "name": "PrivateKeyDetector"
    },
    {
      "name": "PypiTokenDetector"
    },
    {
      "name": "SendGridDetector"
    },
    {
      "name": "SlackDetector"
    },
    {
      "name": "SoftlayerDetector"
    },
    {
      "name": "SquareOAuthDetector"
    },
    {
      "name": "StripeDetector"
    },
    {
      "name": "TelegramBotTokenDetector"
    },
    {
      "name": "TwilioKeyDetector"
    }
  ],
  "filters_used": [
    {
      "path": "detect_secrets.filters.allowlist.is_line_allowlisted"
    },
    {
      "path": "detect_secrets.filters.common.is_baseline_file",
      "filename": ".secrets.baseline"
    },
    {
      "path": "detect_secrets.filters.common.is_ignored_due_to_verification_policies",
      "min_level": 2
    },
    {
      "path": "detect_secrets.filters.heuristic.is_indirect_reference"
    },
    {
      "path": "detect_secrets.filters.heuristic.is_likely_id_string"
    },
    {
      "path": "detect_secrets.filters.heuristic.is_lock_file"
    },
    {
      "path": "detect_secrets.filters.heuristic.is_not_alphanumeric_string"
    },
    {
      "path": "detect_secrets.filters.heuristic.is_potential_uuid"
    },
    {
      "path": "detect_secrets.filters.heuristic.is_prefixed_with_dollar_sign"
    },
    {
      "path": "detect_secrets.filters.heuristic.is_sequential_string"
    },
    {
      "path": "detect_secrets.filters.heuristic.is_swagger_file"
    },
    {
      "path": "detect_secrets.filters.heuristic.is_templated_secret"
    },
    {
      "path": "detect_secrets.filters.regex.should_exclude_file",
      "pattern": [
        "^(venv|node_modules|playwright-report|test-results|\\.pytest_cache|\\.ruff_cache|logs|instance)/"
      ]
    }
  ],
  "results": {
    ".github\\workflows\\ci.yml": [
      {
        "type": "Secret Keyword",
        "filename": ".github\\workflows\\ci.yml",
        "hashed_secret": "9ed87ea507b948b377c747cfb4d95198210f1a4e",
        "is_verified": false,
        "line_number": 19
      },
      {
        "type": "Secret Keyword",
        "filename": ".github\\workflows\\ci.yml",
        "hashed_secret": "e318b1030fa9e87467dc2ccf291e28499ccf58d8",
        "is_verified": false,
        "line_number": 20
      },
      {
        "type": "Secret Keyword",
        "filename": ".github\\workflows\\ci.yml",
        "hashed_secret": "0b2528c208efdd99068d3b7f7d76c5e9384c85c2",
        "is_verified": false,
        "line_number": 48
      },
      {
        "type": "Basic Auth Credentials",
        "filename": ".github\\workflows\\ci.yml",
        "hashed_secret": "9ed87ea507b948b377c747cfb4d95198210f1a4e",
        "is_verified": false,
        "line_number": 86
      }
    ],
    "tests\\test_auth_config_whatsapp_edges.py": [
      {
        "type": "Secret Keyword",
        "filename": "tests\\test_auth_config_whatsapp_edges.py",
        "hashed_secret": "fdb524f5dc80a7788fbf8a43488c75265c9b8e83",
        "is_verified": false,
        "line_number": 20
      },
      {
        "type": "Secret Keyword",
        "filename": "tests\\test_auth_config_whatsapp_edges.py",
        "hashed_secret": "1394df853cf083897e3c0591bce4f804fbff886a",
        "is_verified": false,
        "line_number": 42
      }
    ],
    "tests\\test_backup_scripts_edges.py": [
      {
        "type": "Basic Auth Credentials",
        "filename": "tests\\test_backup_scripts_edges.py",
        "hashed_secret": "9d4e1e23bd5b727046a9e3b4b7db57bd8d6ee684",
        "is_verified": false,
        "line_number": 48
      }
    ],
    "tests\\test_config_message_templates.py": [
      {
        "type": "Secret Keyword",
        "filename": "tests\\test_config_message_templates.py",
        "hashed_secret": "03810c7153b72b533646daf2c461df0a48122c74",
        "is_verified": false,
        "line_number": 14
      }
    ],
    "tests\\test_external_database_importer.py": [
      {
        "type": "Secret Keyword",
        "filename": "tests\\test_external_database_importer.py",
        "hashed_secret": "303f8346f6b4fd6da9dd22843ddd482fd1ea6ea4",
        "is_verified": false,
        "line_number": 59
      }
    ],
    "tests\\test_laudos_routes_edges.py": [
      {
        "type": "Secret Keyword",
        "filename": "tests\\test_laudos_routes_edges.py",
        "hashed_secret": "a8bae739b97bf195c1389bb6f9c2819394dab9c2",
        "is_verified": false,
        "line_number": 29
      }
    ],
    "tests\\test_migrations_config.py": [
      {
        "type": "Basic Auth Credentials",
        "filename": "tests\\test_migrations_config.py",
        "hashed_secret": "9d4e1e23bd5b727046a9e3b4b7db57bd8d6ee684",
        "is_verified": false,
        "line_number": 46
      },
      {
        "type": "Secret Keyword",
        "filename": "tests\\test_migrations_config.py",
        "hashed_secret": "7c5a10662f096f55fdd49b5888fd0b00ee5e7f5c",
        "is_verified": false,
        "line_number": 78
      }
    ],
    "tests\\test_operational_utils_contracts.py": [
      {
        "type": "Secret Keyword",
        "filename": "tests\\test_operational_utils_contracts.py",
        "hashed_secret": "7751a23fa55170a57e90374df13a3ab78efe0e99",
        "is_verified": false,
        "line_number": 71
      }
    ],
    "tests\\test_os_routes_edges.py": [
      {
        "type": "Secret Keyword",
        "filename": "tests\\test_os_routes_edges.py",
        "hashed_secret": "b865010e34c680bb27037e5d906dd5a5a934c0e0",
        "is_verified": false,
        "line_number": 24
      }
    ],
    "tests\\test_permissions.py": [
      {
        "type": "Secret Keyword",
        "filename": "tests\\test_permissions.py",
        "hashed_secret": "a94a8fe5ccb19ba61c4c0873d391e987982fbbd3",
        "is_verified": false,
        "line_number": 121
      }
    ],
    "tests\\test_route_edges.py": [
      {
        "type": "Secret Keyword",
        "filename": "tests\\test_route_edges.py",
        "hashed_secret": "85da1899eace60f76b5470ab710dda176f0e2245",
        "is_verified": false,
        "line_number": 14
      }
    ],
    "tests\\test_services_models_contracts.py": [
      {
        "type": "Secret Keyword",
        "filename": "tests\\test_services_models_contracts.py",
        "hashed_secret": "9d2fabd5bbbae279c6fb77f3cc13e90d8464bf58",
        "is_verified": false,
        "line_number": 57
      },
      {
        "type": "Secret Keyword",
        "filename": "tests\\test_services_models_contracts.py",
        "hashed_secret": "e61c920e51334575a010940a3748db73d3f6175d",
        "is_verified": false,
        "line_number": 134
      },
      {
        "type": "Secret Keyword",
        "filename": "tests\\test_services_models_contracts.py",
        "hashed_secret": "5f7aaad5f6fb6e5610f131a760ddc3805618b5fc",
        "is_verified": false,
        "line_number": 235
      },
      {
        "type": "Secret Keyword",
        "filename": "tests\\test_services_models_contracts.py",
        "hashed_secret": "5baa61e4c9b93f3f0682250b6cf8331b7ee68fd8",
        "is_verified": false,
        "line_number": 367
      },
      {
        "type": "Secret Keyword",
        "filename": "tests\\test_services_models_contracts.py",
        "hashed_secret": "50c879d4434a6f799e7197e257e095e95dcbe503",
        "is_verified": false,
        "line_number": 614
      }
    ],
    "tests\\test_utils_contracts.py": [
      {
        "type": "Secret Keyword",
        "filename": "tests\\test_utils_contracts.py",
        "hashed_secret": "a94a8fe5ccb19ba61c4c0873d391e987982fbbd3",
        "is_verified": false,
        "line_number": 172
      }
    ]
  },
  "generated_at": "2026-09-10T20:04:56Z"
}
