{
  "version": "1.5.0",
  "plugins_used": [
    {
      "name": "ArtifactoryDetector"
    },
    {
      "name": "AWSKeyDetector"
    },
    {
      "name": "AzureStorageKeyDetector"
    },
    {
      "name": "Base64HighEntropyString",
      "limit": 4.5
    },
    {
      "name": "BasicAuthDetector"
    },
    {
      "name": "CloudantDetector"
    },
    {
      "name": "DiscordBotTokenDetector"
    },
    {
      "name": "GitHubTokenDetector"
    },
    {
      "name": "GitLabTokenDetector"
    },
    {
      "name": "HexHighEntropyString",
      "limit": 3.0
    },
    {
      "name": "IbmCloudIamDetector"
    },
    {
      "name": "IbmCosHmacDetector"
    },
    {
      "name": "IPPublicDetector"
    },
    {
      "name": "JwtTokenDetector"
    },
    {
      "name": "KeywordDetector",
      "keyword_exclude": ""
    },
    {
      "name": "MailchimpDetector"
    },
    {
      "name": "NpmDetector"
    },
    {
      "name": "OpenAIDetector"
    },
    {
      "name": "PrivateKeyDetector"
    },
    {
      "name": "PypiTokenDetector"
    },
    {
      "name": "SendGridDetector"
    },
    {
      "name": "SlackDetector"
    },
    {
      "name": "SoftlayerDetector"
    },
    {
      "name": "SquareOAuthDetector"
    },
    {
      "name": "StripeDetector"
    },
    {
      "name": "TelegramBotTokenDetector"
    },
    {
      "name": "TwilioKeyDetector"
    }
  ],
  "filters_used": [
    {
      "path": "detect_secrets.filters.allowlist.is_line_allowlisted"
    },
    {
      "path": "detect_secrets.filters.common.is_baseline_file",
      "filename": ".secrets.baseline"
    },
    {
      "path": "detect_secrets.filters.common.is_ignored_due_to_verification_policies",
      "min_level": 2
    },
    {
      "path": "detect_secrets.filters.heuristic.is_indirect_reference"
    },
    {
      "path": "detect_secrets.filters.heuristic.is_likely_id_string"
    },
    {
      "path": "detect_secrets.filters.heuristic.is_lock_file"
    },
    {
      "path": "detect_secrets.filters.heuristic.is_not_alphanumeric_string"
    },
    {
      "path": "detect_secrets.filters.heuristic.is_potential_uuid"
    },
    {
      "path": "detect_secrets.filters.heuristic.is_prefixed_with_dollar_sign"
    },
    {
      "path": "detect_secrets.filters.heuristic.is_sequential_string"
    },
    {
      "path": "detect_secrets.filters.heuristic.is_swagger_file"
    },
    {
      "path": "detect_secrets.filters.heuristic.is_templated_secret"
    },
    {
      "path": "detect_secrets.filters.regex.should_exclude_file",
      "pattern": [
        "(^|/)(node_modules|/.git|test-results|playwright-report|instance|Banco cplus)/|package-lock/.json|docs/cplus_schema_full/.json"
      ]
    }
  ],
  "results": {
    ".env.example": [
      {
        "type": "Basic Auth Credentials",
        "filename": ".env.example",
        "hashed_secret": "ac117ef72eab33b87d7de00cd74b63e685e1fdfa",
        "is_verified": false,
        "line_number": 4
      }
    ],
    ".env.production.example": [
      {
        "type": "Basic Auth Credentials",
        "filename": ".env.production.example",
        "hashed_secret": "629bc2945b33088fee8a41e3c65be1b456c02b7a",
        "is_verified": false,
        "line_number": 5
      }
    ],
    ".github\\workflows\\ci.yml": [
      {
        "type": "Secret Keyword",
        "filename": ".github\\workflows\\ci.yml",
        "hashed_secret": "9ed87ea507b948b377c747cfb4d95198210f1a4e",
        "is_verified": false,
        "line_number": 19
      },
      {
        "type": "Secret Keyword",
        "filename": ".github\\workflows\\ci.yml",
        "hashed_secret": "e318b1030fa9e87467dc2ccf291e28499ccf58d8",
        "is_verified": false,
        "line_number": 20
      },
      {
        "type": "Secret Keyword",
        "filename": ".github\\workflows\\ci.yml",
        "hashed_secret": "0b2528c208efdd99068d3b7f7d76c5e9384c85c2",
        "is_verified": false,
        "line_number": 48
      },
      {
        "type": "Basic Auth Credentials",
        "filename": ".github\\workflows\\ci.yml",
        "hashed_secret": "9ed87ea507b948b377c747cfb4d95198210f1a4e",
        "is_verified": false,
        "line_number": 84
      },
      {
        "type": "Secret Keyword",
        "filename": ".github\\workflows\\ci.yml",
        "hashed_secret": "8f3fffc5a07e39dc3253d59fed34d3653ffc3bba",
        "is_verified": false,
        "line_number": 85
      }
    ],
    "docs\\cplus_schema_full.json": [
      {
        "type": "Artifactory Credentials",
        "filename": "docs\\cplus_schema_full.json",
        "hashed_secret": "28f30df9f9f0cbfa65c0aea3b978be1f8f627462",
        "is_verified": false,
        "line_number": 17791
      },
      {
        "type": "Artifactory Credentials",
        "filename": "docs\\cplus_schema_full.json",
        "hashed_secret": "60bba8a4d39382b879dd2f3c93b2718849e424d6",
        "is_verified": false,
        "line_number": 17997
      }
    ],
    "tests\\test_migrations_config.py": [
      {
        "type": "Basic Auth Credentials",
        "filename": "tests\\test_migrations_config.py",
        "hashed_secret": "9d4e1e23bd5b727046a9e3b4b7db57bd8d6ee684",
        "is_verified": false,
        "line_number": 46
      },
      {
        "type": "Secret Keyword",
        "filename": "tests\\test_migrations_config.py",
        "hashed_secret": "450698af4432b82c66c7f4b2e963f8c807f6faea",
        "is_verified": false,
        "line_number": 78
      }
    ],
    "tests\\test_permissions.py": [
      {
        "type": "Secret Keyword",
        "filename": "tests\\test_permissions.py",
        "hashed_secret": "a94a8fe5ccb19ba61c4c0873d391e987982fbbd3",
        "is_verified": false,
        "line_number": 31
      }
    ]
  },
  "generated_at": "2026-07-18T20:55:15Z"
}
